// Vitest Snapshot v1

exports[`TheDiceContainer > Integration test > should correctly mount initial state 1`] = `
"<div class=\\"dice-area\\" data-v-1c9fb7f4=\\"\\">
  <render-die-stub dievalue=\\"1\\" style=\\"transform: rotate(10deg);\\" class=\\"die-0\\" data-v-1c9fb7f4=\\"\\"></render-die-stub>
  <render-die-stub dievalue=\\"1\\" style=\\"transform: rotate(10deg);\\" class=\\"die-1\\" data-v-1c9fb7f4=\\"\\"></render-die-stub>
  <render-die-stub dievalue=\\"1\\" style=\\"transform: rotate(10deg);\\" class=\\"die-2\\" data-v-1c9fb7f4=\\"\\"></render-die-stub>
  <render-die-stub dievalue=\\"1\\" style=\\"transform: rotate(10deg);\\" class=\\"die-3\\" data-v-1c9fb7f4=\\"\\"></render-die-stub>
  <render-die-stub dievalue=\\"1\\" style=\\"transform: rotate(10deg);\\" class=\\"die-4\\" data-v-1c9fb7f4=\\"\\"></render-die-stub>
</div>"
`;
