// Vitest Snapshot v1, https://vitest.dev/guide/snapshot.html

exports[`TheDiceContainer > Integration test > should correctly mount initial state 1`] = `
"<div class=\\"dice-area\\" data-v-3bbddecd=\\"\\">
  <render-die-stub dievalue=\\"1\\" style=\\"transform: rotate(10deg);\\" class=\\"die-0\\" data-v-3bbddecd=\\"\\"></render-die-stub>
  <render-die-stub dievalue=\\"1\\" style=\\"transform: rotate(10deg);\\" class=\\"die-1\\" data-v-3bbddecd=\\"\\"></render-die-stub>
  <render-die-stub dievalue=\\"1\\" style=\\"transform: rotate(10deg);\\" class=\\"die-2\\" data-v-3bbddecd=\\"\\"></render-die-stub>
  <render-die-stub dievalue=\\"1\\" style=\\"transform: rotate(10deg);\\" class=\\"die-3\\" data-v-3bbddecd=\\"\\"></render-die-stub>
  <render-die-stub dievalue=\\"1\\" style=\\"transform: rotate(10deg);\\" class=\\"die-4\\" data-v-3bbddecd=\\"\\"></render-die-stub>
</div>
<div class=\\"locked-dice-area\\" data-v-3bbddecd=\\"\\">
  <!--v-if-->
  <!--v-if-->
  <!--v-if-->
  <!--v-if-->
  <!--v-if-->
</div>"
`;
